// Jest Snapshot v1, https://goo.gl/fbAQLP

exports[`BaseMapView should render the BaseMapView Component correctly 1`] = `ReactWrapper {}`;
