// Jest Snapshot v1, https://goo.gl/fbAQLP

exports[`LocationTable should render the LocationTable Component correctly 1`] = `undefined`;
