// Jest Snapshot v1, https://goo.gl/fbAQLP

exports[`LocationList should render the LocationList Component correctly 1`] = `ShallowWrapper {}`;
