// Jest Snapshot v1, https://goo.gl/fbAQLP

exports[`LoginMapView should render the LoginMapView Component correctly 1`] = `ReactWrapper {}`;
