// Jest Snapshot v1, https://goo.gl/fbAQLP

exports[`MarkLocation should render the MarkLocation Component correctly 1`] = `ReactWrapper {}`;
