// Jest Snapshot v1, https://goo.gl/fbAQLP

exports[`PublicMapView should render the PublicMapView Component correctly 1`] = `ShallowWrapper {}`;
