// Jest Snapshot v1, https://goo.gl/fbAQLP

exports[`NavBar should render the NavBar Component correctly 1`] = `ShallowWrapper {}`;
