// Jest Snapshot v1, https://goo.gl/fbAQLP

exports[`LoginPage should render the LoginPage Component correctly 1`] = `ShallowWrapper {}`;
