// Jest Snapshot v1, https://goo.gl/fbAQLP

exports[`Login Block should render the LoginBlock Component correctly 1`] = `ReactWrapper {}`;
